18:48:29 **** Incremental Build of configuration Debug for project gps_tracker_v1 ****
make -j12 all 
arm-none-eabi-gcc "../Core/Src/main.c" -mcpu=cortex-m0 -std=gnu11 -g3 -DDEBUG -DUSE_HAL_DRIVER -DSTM32F030x8 -c -I../Core/Inc -I../Drivers/STM32F0xx_HAL_Driver/Inc -I../Drivers/STM32F0xx_HAL_Driver/Inc/Legacy -I../Drivers/CMSIS/Device/ST/STM32F0xx/Include -I../Drivers/CMSIS/Include -O0 -ffunction-sections -fdata-sections -Wall -fstack-usage -MMD -MP -MF"Core/Src/main.d" -MT"Core/Src/main.o" --specs=nano.specs -mfloat-abi=soft -mthumb -o "Core/Src/main.o"
../Core/Src/main.c: In function 'main':
../Core/Src/main.c:119:32: warning: passing argument 2 of 'HAL_UART_Transmit' discards 'volatile' qualifier from pointer target type [-Wdiscarded-qualifiers]
  119 |    HAL_UART_Transmit (&huart2, fix_message, sizeof (fix_message), 10);
      |                                ^~~~~~~~~~~
In file included from ../Core/Inc/stm32f0xx_hal_conf.h:288,
                 from ../Drivers/STM32F0xx_HAL_Driver/Inc/stm32f0xx_hal.h:30,
                 from ../Core/Inc/main.h:31,
                 from ../Core/Src/main.c:21:
../Drivers/STM32F0xx_HAL_Driver/Inc/stm32f0xx_hal_uart.h:1491:73: note: expected 'uint8_t *' {aka 'unsigned char *'} but argument is of type 'volatile uint8_t *' {aka 'volatile unsigned char *'}
 1491 | HAL_StatusTypeDef HAL_UART_Transmit(UART_HandleTypeDef *huart, uint8_t *pData, uint16_t Size, uint32_t Timeout);
      |                                                                ~~~~~~~~~^~~~~
At top level:
../Core/Src/main.c:415:16: warning: 'NMEA_Msg_Parser' defined but not used [-Wunused-function]
  415 | static uint8_t NMEA_Msg_Parser(uint8_t *msg, uint8_t msg_size)
      |                ^~~~~~~~~~~~~~~
arm-none-eabi-gcc -o "gps_tracker_v1.elf" @"objects.list"   -mcpu=cortex-m0 -T"C:\Users\ricmr\Projects\gps_tracker_basic\firmware\gps_tracker_v1\STM32F030R8TX_FLASH.ld" --specs=nosys.specs -Wl,-Map="gps_tracker_v1.map" -Wl,--gc-sections -static --specs=nano.specs -mfloat-abi=soft -mthumb -Wl,--start-group -lc -lm -Wl,--end-group
Finished building target: gps_tracker_v1.elf
 
arm-none-eabi-objdump -h -S  gps_tracker_v1.elf  > "gps_tracker_v1.list"
arm-none-eabi-objcopy  -O binary  gps_tracker_v1.elf  "gps_tracker_v1.bin"
arm-none-eabi-size   gps_tracker_v1.elf 
   text	   data	    bss	    dec	    hex	filename
  12840	     32	   2272	  15144	   3b28	gps_tracker_v1.elf
Finished building: default.size.stdout
 
Finished building: gps_tracker_v1.bin
 
Finished building: gps_tracker_v1.list
 
18:48:45 **** Incremental Build of configuration Debug for project gps_tracker_v1 ****
make -j12 all 
arm-none-eabi-size   gps_tracker_v1.elf 
   text	   data	    bss	    dec	    hex	filename
  12840	     32	   2272	  15144	   3b28	gps_tracker_v1.elf
Finished building: default.size.stdout
 
19:18:29 **** Incremental Build of configuration Debug for project gps_tracker_v1 ****
make -j12 all 
arm-none-eabi-gcc "../Core/Src/main.c" -mcpu=cortex-m0 -std=gnu11 -g3 -DDEBUG -DUSE_HAL_DRIVER -DSTM32F030x8 -c -I../Core/Inc -I../Drivers/STM32F0xx_HAL_Driver/Inc -I../Drivers/STM32F0xx_HAL_Driver/Inc/Legacy -I../Drivers/CMSIS/Device/ST/STM32F0xx/Include -I../Drivers/CMSIS/Include -O0 -ffunction-sections -fdata-sections -Wall -fstack-usage -MMD -MP -MF"Core/Src/main.d" -MT"Core/Src/main.o" --specs=nano.specs -mfloat-abi=soft -mthumb -o "Core/Src/main.o"
../Core/Src/main.c: In function 'main':
../Core/Src/main.c:119:32: warning: passing argument 2 of 'HAL_UART_Transmit' discards 'volatile' qualifier from pointer target type [-Wdiscarded-qualifiers]
  119 |    HAL_UART_Transmit (&huart2, fix_message, sizeof (fix_message), 10);
      |                                ^~~~~~~~~~~
In file included from ../Core/Inc/stm32f0xx_hal_conf.h:288,
                 from ../Drivers/STM32F0xx_HAL_Driver/Inc/stm32f0xx_hal.h:30,
                 from ../Core/Inc/main.h:31,
                 from ../Core/Src/main.c:21:
../Drivers/STM32F0xx_HAL_Driver/Inc/stm32f0xx_hal_uart.h:1491:73: note: expected 'uint8_t *' {aka 'unsigned char *'} but argument is of type 'volatile uint8_t *' {aka 'volatile unsigned char *'}
 1491 | HAL_StatusTypeDef HAL_UART_Transmit(UART_HandleTypeDef *huart, uint8_t *pData, uint16_t Size, uint32_t Timeout);
      |                                                                ~~~~~~~~~^~~~~
At top level:
../Core/Src/main.c:415:16: warning: 'NMEA_Msg_Parser' defined but not used [-Wunused-function]
  415 | static uint8_t NMEA_Msg_Parser(uint8_t *msg, uint8_t msg_size)
      |                ^~~~~~~~~~~~~~~
arm-none-eabi-gcc -o "gps_tracker_v1.elf" @"objects.list"   -mcpu=cortex-m0 -T"C:\Users\ricmr\Projects\gps_tracker_basic\firmware\gps_tracker_v1\STM32F030R8TX_FLASH.ld" --specs=nosys.specs -Wl,-Map="gps_tracker_v1.map" -Wl,--gc-sections -static --specs=nano.specs -mfloat-abi=soft -mthumb -Wl,--start-group -lc -lm -Wl,--end-group
Finished building target: gps_tracker_v1.elf
 
arm-none-eabi-objdump -h -S  gps_tracker_v1.elf  > "gps_tracker_v1.list"
arm-none-eabi-objcopy  -O binary  gps_tracker_v1.elf  "gps_tracker_v1.bin"
arm-none-eabi-size   gps_tracker_v1.elf 
   text	   data	    bss	    dec	    hex	filename
  12840	     32	   2272	  15144	   3b28	gps_tracker_v1.elf
Finished building: default.size.stdout
 
Finished building: gps_tracker_v1.bin
 
Finished building: gps_tracker_v1.list
 
19:19:08 **** Incremental Build of configuration Debug for project gps_tracker_v1 ****
make -j12 all 
arm-none-eabi-size   gps_tracker_v1.elf 
   text	   data	    bss	    dec	    hex	filename
  12840	     32	   2272	  15144	   3b28	gps_tracker_v1.elf
Finished building: default.size.stdout
 
19:20:54 **** Incremental Build of configuration Debug for project gps_tracker_v1 ****
make -j12 all 
arm-none-eabi-size   gps_tracker_v1.elf 
   text	   data	    bss	    dec	    hex	filename
  12840	     32	   2272	  15144	   3b28	gps_tracker_v1.elf
Finished building: default.size.stdout
 
19:21:55 **** Incremental Build of configuration Debug for project gps_tracker_v1 ****
make -j12 all 
arm-none-eabi-gcc "../Core/Src/main.c" -mcpu=cortex-m0 -std=gnu11 -g3 -DDEBUG -DUSE_HAL_DRIVER -DSTM32F030x8 -c -I../Core/Inc -I../Drivers/STM32F0xx_HAL_Driver/Inc -I../Drivers/STM32F0xx_HAL_Driver/Inc/Legacy -I../Drivers/CMSIS/Device/ST/STM32F0xx/Include -I../Drivers/CMSIS/Include -O0 -ffunction-sections -fdata-sections -Wall -fstack-usage -MMD -MP -MF"Core/Src/main.d" -MT"Core/Src/main.o" --specs=nano.specs -mfloat-abi=soft -mthumb -o "Core/Src/main.o"
../Core/Src/main.c: In function 'main':
../Core/Src/main.c:119:32: warning: passing argument 2 of 'HAL_UART_Transmit' discards 'volatile' qualifier from pointer target type [-Wdiscarded-qualifiers]
  119 |    HAL_UART_Transmit (&huart2, fix_message, sizeof (fix_message), 50);
      |                                ^~~~~~~~~~~
In file included from ../Core/Inc/stm32f0xx_hal_conf.h:288,
                 from ../Drivers/STM32F0xx_HAL_Driver/Inc/stm32f0xx_hal.h:30,
                 from ../Core/Inc/main.h:31,
                 from ../Core/Src/main.c:21:
../Drivers/STM32F0xx_HAL_Driver/Inc/stm32f0xx_hal_uart.h:1491:73: note: expected 'uint8_t *' {aka 'unsigned char *'} but argument is of type 'volatile uint8_t *' {aka 'volatile unsigned char *'}
 1491 | HAL_StatusTypeDef HAL_UART_Transmit(UART_HandleTypeDef *huart, uint8_t *pData, uint16_t Size, uint32_t Timeout);
      |                                                                ~~~~~~~~~^~~~~
At top level:
../Core/Src/main.c:415:16: warning: 'NMEA_Msg_Parser' defined but not used [-Wunused-function]
  415 | static uint8_t NMEA_Msg_Parser(uint8_t *msg, uint8_t msg_size)
      |                ^~~~~~~~~~~~~~~
arm-none-eabi-gcc -o "gps_tracker_v1.elf" @"objects.list"   -mcpu=cortex-m0 -T"C:\Users\ricmr\Projects\gps_tracker_basic\firmware\gps_tracker_v1\STM32F030R8TX_FLASH.ld" --specs=nosys.specs -Wl,-Map="gps_tracker_v1.map" -Wl,--gc-sections -static --specs=nano.specs -mfloat-abi=soft -mthumb -Wl,--start-group -lc -lm -Wl,--end-group
Finished building target: gps_tracker_v1.elf
 
arm-none-eabi-objdump -h -S  gps_tracker_v1.elf  > "gps_tracker_v1.list"
arm-none-eabi-objcopy  -O binary  gps_tracker_v1.elf  "gps_tracker_v1.bin"
arm-none-eabi-size   gps_tracker_v1.elf 
   text	   data	    bss	    dec	    hex	filename
  12840	     32	   2272	  15144	   3b28	gps_tracker_v1.elf
Finished building: default.size.stdout
 
Finished building: gps_tracker_v1.bin
 
Finished building: gps_tracker_v1.list
 
19:26:00 **** Incremental Build of configuration Debug for project gps_tracker_v1 ****
make -j12 all 
arm-none-eabi-gcc "../Core/Src/main.c" -mcpu=cortex-m0 -std=gnu11 -g3 -DDEBUG -DUSE_HAL_DRIVER -DSTM32F030x8 -c -I../Core/Inc -I../Drivers/STM32F0xx_HAL_Driver/Inc -I../Drivers/STM32F0xx_HAL_Driver/Inc/Legacy -I../Drivers/CMSIS/Device/ST/STM32F0xx/Include -I../Drivers/CMSIS/Include -O0 -ffunction-sections -fdata-sections -Wall -fstack-usage -MMD -MP -MF"Core/Src/main.d" -MT"Core/Src/main.o" --specs=nano.specs -mfloat-abi=soft -mthumb -o "Core/Src/main.o"
arm-none-eabi-gcc "../Core/Src/stm32f0xx_it.c" -mcpu=cortex-m0 -std=gnu11 -g3 -DDEBUG -DUSE_HAL_DRIVER -DSTM32F030x8 -c -I../Core/Inc -I../Drivers/STM32F0xx_HAL_Driver/Inc -I../Drivers/STM32F0xx_HAL_Driver/Inc/Legacy -I../Drivers/CMSIS/Device/ST/STM32F0xx/Include -I../Drivers/CMSIS/Include -O0 -ffunction-sections -fdata-sections -Wall -fstack-usage -MMD -MP -MF"Core/Src/stm32f0xx_it.d" -MT"Core/Src/stm32f0xx_it.o" --specs=nano.specs -mfloat-abi=soft -mthumb -o "Core/Src/stm32f0xx_it.o"
../Core/Src/main.c: In function 'main':
../Core/Src/main.c:119:32: warning: passing argument 2 of 'HAL_UART_Transmit' discards 'volatile' qualifier from pointer target type [-Wdiscarded-qualifiers]
  119 |    HAL_UART_Transmit (&huart2, fix_message, sizeof(fix_message), 50);
      |                                ^~~~~~~~~~~
In file included from ../Core/Inc/stm32f0xx_hal_conf.h:288,
                 from ../Drivers/STM32F0xx_HAL_Driver/Inc/stm32f0xx_hal.h:30,
                 from ../Core/Inc/main.h:31,
                 from ../Core/Src/main.c:21:
../Drivers/STM32F0xx_HAL_Driver/Inc/stm32f0xx_hal_uart.h:1491:73: note: expected 'uint8_t *' {aka 'unsigned char *'} but argument is of type 'volatile uint8_t *' {aka 'volatile unsigned char *'}
 1491 | HAL_StatusTypeDef HAL_UART_Transmit(UART_HandleTypeDef *huart, uint8_t *pData, uint16_t Size, uint32_t Timeout);
      |                                                                ~~~~~~~~~^~~~~
At top level:
../Core/Src/main.c:415:16: warning: 'NMEA_Msg_Parser' defined but not used [-Wunused-function]
  415 | static uint8_t NMEA_Msg_Parser(uint8_t *msg, uint8_t msg_size)
      |                ^~~~~~~~~~~~~~~
arm-none-eabi-gcc -o "gps_tracker_v1.elf" @"objects.list"   -mcpu=cortex-m0 -T"C:\Users\ricmr\Projects\gps_tracker_basic\firmware\gps_tracker_v1\STM32F030R8TX_FLASH.ld" --specs=nosys.specs -Wl,-Map="gps_tracker_v1.map" -Wl,--gc-sections -static --specs=nano.specs -mfloat-abi=soft -mthumb -Wl,--start-group -lc -lm -Wl,--end-group
Finished building target: gps_tracker_v1.elf
 
arm-none-eabi-objdump -h -S  gps_tracker_v1.elf  > "gps_tracker_v1.list"
arm-none-eabi-objcopy  -O binary  gps_tracker_v1.elf  "gps_tracker_v1.bin"
arm-none-eabi-size   gps_tracker_v1.elf 
   text	   data	    bss	    dec	    hex	filename
  12376	     32	   2272	  14680	   3958	gps_tracker_v1.elf
Finished building: default.size.stdout
 
Finished building: gps_tracker_v1.bin
 
Finished building: gps_tracker_v1.list
 
20:38:07 **** Incremental Build of configuration Debug for project gps_tracker_v1 ****
make -j12 all 
arm-none-eabi-gcc "../Core/Src/main.c" -mcpu=cortex-m0 -std=gnu11 -g3 -DDEBUG -DUSE_HAL_DRIVER -DSTM32F030x8 -c -I../Core/Inc -I../Drivers/STM32F0xx_HAL_Driver/Inc -I../Drivers/STM32F0xx_HAL_Driver/Inc/Legacy -I../Drivers/CMSIS/Device/ST/STM32F0xx/Include -I../Drivers/CMSIS/Include -O0 -ffunction-sections -fdata-sections -Wall -fstack-usage -MMD -MP -MF"Core/Src/main.d" -MT"Core/Src/main.o" --specs=nano.specs -mfloat-abi=soft -mthumb -o "Core/Src/main.o"
../Core/Src/main.c: In function 'HAL_UART_RxCpltCallback':
../Core/Src/main.c:425:30: warning: passing argument 2 of 'HAL_UART_Transmit' discards 'volatile' qualifier from pointer target type [-Wdiscarded-qualifiers]
  425 |   HAL_UART_Transmit(&huart2, fix_message, sizeof(fix_message), 10);
      |                              ^~~~~~~~~~~
In file included from ../Core/Inc/stm32f0xx_hal_conf.h:288,
                 from ../Drivers/STM32F0xx_HAL_Driver/Inc/stm32f0xx_hal.h:30,
                 from ../Core/Inc/main.h:31,
                 from ../Core/Src/main.c:21:
../Drivers/STM32F0xx_HAL_Driver/Inc/stm32f0xx_hal_uart.h:1491:73: note: expected 'uint8_t *' {aka 'unsigned char *'} but argument is of type 'volatile uint8_t *' {aka 'volatile unsigned char *'}
 1491 | HAL_StatusTypeDef HAL_UART_Transmit(UART_HandleTypeDef *huart, uint8_t *pData, uint16_t Size, uint32_t Timeout);
      |                                                                ~~~~~~~~~^~~~~
../Core/Src/main.c:427:30: warning: passing argument 2 of 'HAL_UART_Transmit' discards 'volatile' qualifier from pointer target type [-Wdiscarded-qualifiers]
  427 |   HAL_UART_Transmit(&huart2, no_fix_message, sizeof(no_fix_message), 10);
      |                              ^~~~~~~~~~~~~~
In file included from ../Core/Inc/stm32f0xx_hal_conf.h:288,
                 from ../Drivers/STM32F0xx_HAL_Driver/Inc/stm32f0xx_hal.h:30,
                 from ../Core/Inc/main.h:31,
                 from ../Core/Src/main.c:21:
../Drivers/STM32F0xx_HAL_Driver/Inc/stm32f0xx_hal_uart.h:1491:73: note: expected 'uint8_t *' {aka 'unsigned char *'} but argument is of type 'volatile uint8_t *' {aka 'volatile unsigned char *'}
 1491 | HAL_StatusTypeDef HAL_UART_Transmit(UART_HandleTypeDef *huart, uint8_t *pData, uint16_t Size, uint32_t Timeout);
      |                                                                ~~~~~~~~~^~~~~
arm-none-eabi-gcc -o "gps_tracker_v1.elf" @"objects.list"   -mcpu=cortex-m0 -T"C:\Users\ricmr\Projects\gps_tracker_basic\firmware\gps_tracker_v1\STM32F030R8TX_FLASH.ld" --specs=nosys.specs -Wl,-Map="gps_tracker_v1.map" -Wl,--gc-sections -static --specs=nano.specs -mfloat-abi=soft -mthumb -Wl,--start-group -lc -lm -Wl,--end-group
Finished building target: gps_tracker_v1.elf
 
arm-none-eabi-objdump -h -S  gps_tracker_v1.elf  > "gps_tracker_v1.list"
arm-none-eabi-objcopy  -O binary  gps_tracker_v1.elf  "gps_tracker_v1.bin"
arm-none-eabi-size   gps_tracker_v1.elf 
   text	   data	    bss	    dec	    hex	filename
  12420	     52	   2268	  14740	   3994	gps_tracker_v1.elf
Finished building: default.size.stdout
 
Finished building: gps_tracker_v1.bin
 
Finished building: gps_tracker_v1.list
 
20:38:40 **** Incremental Build of configuration Debug for project gps_tracker_v1 ****
make -j12 all 
arm-none-eabi-gcc "../Core/Src/main.c" -mcpu=cortex-m0 -std=gnu11 -g3 -DDEBUG -DUSE_HAL_DRIVER -DSTM32F030x8 -c -I../Core/Inc -I../Drivers/STM32F0xx_HAL_Driver/Inc -I../Drivers/STM32F0xx_HAL_Driver/Inc/Legacy -I../Drivers/CMSIS/Device/ST/STM32F0xx/Include -I../Drivers/CMSIS/Include -O0 -ffunction-sections -fdata-sections -Wall -fstack-usage -MMD -MP -MF"Core/Src/main.d" -MT"Core/Src/main.o" --specs=nano.specs -mfloat-abi=soft -mthumb -o "Core/Src/main.o"
../Core/Src/main.c: In function 'HAL_UART_RxCpltCallback':
../Core/Src/main.c:425:30: warning: passing argument 2 of 'HAL_UART_Transmit' discards 'volatile' qualifier from pointer target type [-Wdiscarded-qualifiers]
  425 |   HAL_UART_Transmit(&huart2, fix_message, sizeof(fix_message), 100);
      |                              ^~~~~~~~~~~
In file included from ../Core/Inc/stm32f0xx_hal_conf.h:288,
                 from ../Drivers/STM32F0xx_HAL_Driver/Inc/stm32f0xx_hal.h:30,
                 from ../Core/Inc/main.h:31,
                 from ../Core/Src/main.c:21:
../Drivers/STM32F0xx_HAL_Driver/Inc/stm32f0xx_hal_uart.h:1491:73: note: expected 'uint8_t *' {aka 'unsigned char *'} but argument is of type 'volatile uint8_t *' {aka 'volatile unsigned char *'}
 1491 | HAL_StatusTypeDef HAL_UART_Transmit(UART_HandleTypeDef *huart, uint8_t *pData, uint16_t Size, uint32_t Timeout);
      |                                                                ~~~~~~~~~^~~~~
../Core/Src/main.c:427:30: warning: passing argument 2 of 'HAL_UART_Transmit' discards 'volatile' qualifier from pointer target type [-Wdiscarded-qualifiers]
  427 |   HAL_UART_Transmit(&huart2, no_fix_message, sizeof(no_fix_message), 100);
      |                              ^~~~~~~~~~~~~~
In file included from ../Core/Inc/stm32f0xx_hal_conf.h:288,
                 from ../Drivers/STM32F0xx_HAL_Driver/Inc/stm32f0xx_hal.h:30,
                 from ../Core/Inc/main.h:31,
                 from ../Core/Src/main.c:21:
../Drivers/STM32F0xx_HAL_Driver/Inc/stm32f0xx_hal_uart.h:1491:73: note: expected 'uint8_t *' {aka 'unsigned char *'} but argument is of type 'volatile uint8_t *' {aka 'volatile unsigned char *'}
 1491 | HAL_StatusTypeDef HAL_UART_Transmit(UART_HandleTypeDef *huart, uint8_t *pData, uint16_t Size, uint32_t Timeout);
      |                                                                ~~~~~~~~~^~~~~
arm-none-eabi-gcc -o "gps_tracker_v1.elf" @"objects.list"   -mcpu=cortex-m0 -T"C:\Users\ricmr\Projects\gps_tracker_basic\firmware\gps_tracker_v1\STM32F030R8TX_FLASH.ld" --specs=nosys.specs -Wl,-Map="gps_tracker_v1.map" -Wl,--gc-sections -static --specs=nano.specs -mfloat-abi=soft -mthumb -Wl,--start-group -lc -lm -Wl,--end-group
Finished building target: gps_tracker_v1.elf
 
arm-none-eabi-objdump -h -S  gps_tracker_v1.elf  > "gps_tracker_v1.list"
arm-none-eabi-objcopy  -O binary  gps_tracker_v1.elf  "gps_tracker_v1.bin"
arm-none-eabi-size   gps_tracker_v1.elf 
   text	   data	    bss	    dec	    hex	filename
  12420	     52	   2268	  14740	   3994	gps_tracker_v1.elf
Finished building: default.size.stdout
 
Finished building: gps_tracker_v1.bin
 
Finished building: gps_tracker_v1.list
 
20:59:24 **** Incremental Build of configuration Debug for project gps_tracker_v1 ****
make -j12 all 
arm-none-eabi-gcc "../Core/Src/main.c" -mcpu=cortex-m0 -std=gnu11 -g3 -DDEBUG -DUSE_HAL_DRIVER -DSTM32F030x8 -c -I../Core/Inc -I../Drivers/STM32F0xx_HAL_Driver/Inc -I../Drivers/STM32F0xx_HAL_Driver/Inc/Legacy -I../Drivers/CMSIS/Device/ST/STM32F0xx/Include -I../Drivers/CMSIS/Include -O0 -ffunction-sections -fdata-sections -Wall -fstack-usage -MMD -MP -MF"Core/Src/main.d" -MT"Core/Src/main.o" --specs=nano.specs -mfloat-abi=soft -mthumb -o "Core/Src/main.o"
arm-none-eabi-gcc "../Core/Src/stm32f0xx_hal_msp.c" -mcpu=cortex-m0 -std=gnu11 -g3 -DDEBUG -DUSE_HAL_DRIVER -DSTM32F030x8 -c -I../Core/Inc -I../Drivers/STM32F0xx_HAL_Driver/Inc -I../Drivers/STM32F0xx_HAL_Driver/Inc/Legacy -I../Drivers/CMSIS/Device/ST/STM32F0xx/Include -I../Drivers/CMSIS/Include -O0 -ffunction-sections -fdata-sections -Wall -fstack-usage -MMD -MP -MF"Core/Src/stm32f0xx_hal_msp.d" -MT"Core/Src/stm32f0xx_hal_msp.o" --specs=nano.specs -mfloat-abi=soft -mthumb -o "Core/Src/stm32f0xx_hal_msp.o"
arm-none-eabi-gcc "../Core/Src/stm32f0xx_it.c" -mcpu=cortex-m0 -std=gnu11 -g3 -DDEBUG -DUSE_HAL_DRIVER -DSTM32F030x8 -c -I../Core/Inc -I../Drivers/STM32F0xx_HAL_Driver/Inc -I../Drivers/STM32F0xx_HAL_Driver/Inc/Legacy -I../Drivers/CMSIS/Device/ST/STM32F0xx/Include -I../Drivers/CMSIS/Include -O0 -ffunction-sections -fdata-sections -Wall -fstack-usage -MMD -MP -MF"Core/Src/stm32f0xx_it.d" -MT"Core/Src/stm32f0xx_it.o" --specs=nano.specs -mfloat-abi=soft -mthumb -o "Core/Src/stm32f0xx_it.o"
../Core/Src/main.c: In function 'HAL_UART_RxCpltCallback':
../Core/Src/main.c:425:30: warning: passing argument 2 of 'HAL_UART_Transmit' discards 'volatile' qualifier from pointer target type [-Wdiscarded-qualifiers]
  425 |   HAL_UART_Transmit(&huart2, fix_message, sizeof(fix_message), 100);
      |                              ^~~~~~~~~~~
In file included from ../Core/Inc/stm32f0xx_hal_conf.h:288,
                 from ../Drivers/STM32F0xx_HAL_Driver/Inc/stm32f0xx_hal.h:30,
                 from ../Core/Inc/main.h:31,
                 from ../Core/Src/main.c:21:
../Drivers/STM32F0xx_HAL_Driver/Inc/stm32f0xx_hal_uart.h:1491:73: note: expected 'uint8_t *' {aka 'unsigned char *'} but argument is of type 'volatile uint8_t *' {aka 'volatile unsigned char *'}
 1491 | HAL_StatusTypeDef HAL_UART_Transmit(UART_HandleTypeDef *huart, uint8_t *pData, uint16_t Size, uint32_t Timeout);
      |                                                                ~~~~~~~~~^~~~~
../Core/Src/main.c:427:30: warning: passing argument 2 of 'HAL_UART_Transmit' discards 'volatile' qualifier from pointer target type [-Wdiscarded-qualifiers]
  427 |   HAL_UART_Transmit(&huart2, no_fix_message, sizeof(no_fix_message), 100);
      |                              ^~~~~~~~~~~~~~
In file included from ../Core/Inc/stm32f0xx_hal_conf.h:288,
                 from ../Drivers/STM32F0xx_HAL_Driver/Inc/stm32f0xx_hal.h:30,
                 from ../Core/Inc/main.h:31,
                 from ../Core/Src/main.c:21:
../Drivers/STM32F0xx_HAL_Driver/Inc/stm32f0xx_hal_uart.h:1491:73: note: expected 'uint8_t *' {aka 'unsigned char *'} but argument is of type 'volatile uint8_t *' {aka 'volatile unsigned char *'}
 1491 | HAL_StatusTypeDef HAL_UART_Transmit(UART_HandleTypeDef *huart, uint8_t *pData, uint16_t Size, uint32_t Timeout);
      |                                                                ~~~~~~~~~^~~~~
arm-none-eabi-gcc -o "gps_tracker_v1.elf" @"objects.list"   -mcpu=cortex-m0 -T"C:\Users\ricmr\Projects\gps_tracker_basic\firmware\gps_tracker_v1\STM32F030R8TX_FLASH.ld" --specs=nosys.specs -Wl,-Map="gps_tracker_v1.map" -Wl,--gc-sections -static --specs=nano.specs -mfloat-abi=soft -mthumb -Wl,--start-group -lc -lm -Wl,--end-group
Finished building target: gps_tracker_v1.elf
 
arm-none-eabi-objdump -h -S  gps_tracker_v1.elf  > "gps_tracker_v1.list"
arm-none-eabi-objcopy  -O binary  gps_tracker_v1.elf  "gps_tracker_v1.bin"
arm-none-eabi-size   gps_tracker_v1.elf 
   text	   data	    bss	    dec	    hex	filename
  12416	     52	   2020	  14488	   3898	gps_tracker_v1.elf
Finished building: default.size.stdout
 
Finished building: gps_tracker_v1.bin
 
Finished building: gps_tracker_v1.list
 
21:00:19 **** Incremental Build of configuration Debug for project gps_tracker_v1 ****
make -j12 all 
arm-none-eabi-gcc "../Core/Src/main.c" -mcpu=cortex-m0 -std=gnu11 -g3 -DDEBUG -DUSE_HAL_DRIVER -DSTM32F030x8 -c -I../Core/Inc -I../Drivers/STM32F0xx_HAL_Driver/Inc -I../Drivers/STM32F0xx_HAL_Driver/Inc/Legacy -I../Drivers/CMSIS/Device/ST/STM32F0xx/Include -I../Drivers/CMSIS/Include -O0 -ffunction-sections -fdata-sections -Wall -fstack-usage -MMD -MP -MF"Core/Src/main.d" -MT"Core/Src/main.o" --specs=nano.specs -mfloat-abi=soft -mthumb -o "Core/Src/main.o"
../Core/Src/main.c:415:16: warning: 'NMEA_Msg_Parser' defined but not used [-Wunused-function]
  415 | static uint8_t NMEA_Msg_Parser(uint8_t *msg, uint8_t msg_size)
      |                ^~~~~~~~~~~~~~~
arm-none-eabi-gcc -o "gps_tracker_v1.elf" @"objects.list"   -mcpu=cortex-m0 -T"C:\Users\ricmr\Projects\gps_tracker_basic\firmware\gps_tracker_v1\STM32F030R8TX_FLASH.ld" --specs=nosys.specs -Wl,-Map="gps_tracker_v1.map" -Wl,--gc-sections -static --specs=nano.specs -mfloat-abi=soft -mthumb -Wl,--start-group -lc -lm -Wl,--end-group
Finished building target: gps_tracker_v1.elf
 
arm-none-eabi-objdump -h -S  gps_tracker_v1.elf  > "gps_tracker_v1.list"
arm-none-eabi-objcopy  -O binary  gps_tracker_v1.elf  "gps_tracker_v1.bin"
arm-none-eabi-size   gps_tracker_v1.elf 
   text	   data	    bss	    dec	    hex	filename
  12356	     20	   2020	  14396	   383c	gps_tracker_v1.elf
Finished building: default.size.stdout
 
Finished building: gps_tracker_v1.bin
 
Finished building: gps_tracker_v1.list
 
22:17:43 **** Incremental Build of configuration Debug for project gps_tracker_v1 ****
make -j12 all 
arm-none-eabi-gcc "../Core/Src/main.c" -mcpu=cortex-m0 -std=gnu11 -g3 -DDEBUG -DUSE_HAL_DRIVER -DSTM32F030x8 -c -I../Core/Inc -I../Drivers/STM32F0xx_HAL_Driver/Inc -I../Drivers/STM32F0xx_HAL_Driver/Inc/Legacy -I../Drivers/CMSIS/Device/ST/STM32F0xx/Include -I../Drivers/CMSIS/Include -O0 -ffunction-sections -fdata-sections -Wall -fstack-usage -MMD -MP -MF"Core/Src/main.d" -MT"Core/Src/main.o" --specs=nano.specs -mfloat-abi=soft -mthumb -o "Core/Src/main.o"
../Core/Src/main.c:68:16: warning: 'NMEA_Msg_Parser' declared 'static' but never defined [-Wunused-function]
   68 | static uint8_t NMEA_Msg_Parser(uint8_t *msg, uint8_t msg_size);
      |                ^~~~~~~~~~~~~~~
arm-none-eabi-gcc -o "gps_tracker_v1.elf" @"objects.list"   -mcpu=cortex-m0 -T"C:\Users\ricmr\Projects\gps_tracker_basic\firmware\gps_tracker_v1\STM32F030R8TX_FLASH.ld" --specs=nosys.specs -Wl,-Map="gps_tracker_v1.map" -Wl,--gc-sections -static --specs=nano.specs -mfloat-abi=soft -mthumb -Wl,--start-group -lc -lm -Wl,--end-group
Finished building target: gps_tracker_v1.elf
 
arm-none-eabi-objdump -h -S  gps_tracker_v1.elf  > "gps_tracker_v1.list"
arm-none-eabi-objcopy  -O binary  gps_tracker_v1.elf  "gps_tracker_v1.bin"
arm-none-eabi-size   gps_tracker_v1.elf 
   text	   data	    bss	    dec	    hex	filename
  12356	     20	   2020	  14396	   383c	gps_tracker_v1.elf
Finished building: default.size.stdout
 
Finished building: gps_tracker_v1.bin
 
Finished building: gps_tracker_v1.list
 
22:30:54 **** Incremental Build of configuration Debug for project gps_tracker_v1 ****
make -j12 all 
arm-none-eabi-gcc "../Core/Src/main.c" -mcpu=cortex-m0 -std=gnu11 -g3 -DDEBUG -DUSE_HAL_DRIVER -DSTM32F030x8 -c -I../Core/Inc -I../Drivers/STM32F0xx_HAL_Driver/Inc -I../Drivers/STM32F0xx_HAL_Driver/Inc/Legacy -I../Drivers/CMSIS/Device/ST/STM32F0xx/Include -I../Drivers/CMSIS/Include -O0 -ffunction-sections -fdata-sections -Wall -fstack-usage -MMD -MP -MF"Core/Src/main.d" -MT"Core/Src/main.o" --specs=nano.specs -mfloat-abi=soft -mthumb -o "Core/Src/main.o"
arm-none-eabi-gcc -o "gps_tracker_v1.elf" @"objects.list"   -mcpu=cortex-m0 -T"C:\Users\ricmr\Projects\gps_tracker_basic\firmware\gps_tracker_v1\STM32F030R8TX_FLASH.ld" --specs=nosys.specs -Wl,-Map="gps_tracker_v1.map" -Wl,--gc-sections -static --specs=nano.specs -mfloat-abi=soft -mthumb -Wl,--start-group -lc -lm -Wl,--end-group
Finished building target: gps_tracker_v1.elf
 
arm-none-eabi-objdump -h -S  gps_tracker_v1.elf  > "gps_tracker_v1.list"
arm-none-eabi-objcopy  -O binary  gps_tracker_v1.elf  "gps_tracker_v1.bin"
arm-none-eabi-size   gps_tracker_v1.elf 
   text	   data	    bss	    dec	    hex	filename
  12356	     20	   2020	  14396	   383c	gps_tracker_v1.elf
Finished building: default.size.stdout
 
Finished building: gps_tracker_v1.bin
 
Finished building: gps_tracker_v1.list
 
22:33:47 **** Incremental Build of configuration Debug for project gps_tracker_v1 ****
make -j12 all 
arm-none-eabi-gcc "../Core/Src/stm32f0xx_it.c" -mcpu=cortex-m0 -std=gnu11 -g3 -DDEBUG -DUSE_HAL_DRIVER -DSTM32F030x8 -c -I../Core/Inc -I../Drivers/STM32F0xx_HAL_Driver/Inc -I../Drivers/STM32F0xx_HAL_Driver/Inc/Legacy -I../Drivers/CMSIS/Device/ST/STM32F0xx/Include -I../Drivers/CMSIS/Include -O0 -ffunction-sections -fdata-sections -Wall -fstack-usage -MMD -MP -MF"Core/Src/stm32f0xx_it.d" -MT"Core/Src/stm32f0xx_it.o" --specs=nano.specs -mfloat-abi=soft -mthumb -o "Core/Src/stm32f0xx_it.o"
arm-none-eabi-gcc -o "gps_tracker_v1.elf" @"objects.list"   -mcpu=cortex-m0 -T"C:\Users\ricmr\Projects\gps_tracker_basic\firmware\gps_tracker_v1\STM32F030R8TX_FLASH.ld" --specs=nosys.specs -Wl,-Map="gps_tracker_v1.map" -Wl,--gc-sections -static --specs=nano.specs -mfloat-abi=soft -mthumb -Wl,--start-group -lc -lm -Wl,--end-group
Finished building target: gps_tracker_v1.elf
 
arm-none-eabi-objdump -h -S  gps_tracker_v1.elf  > "gps_tracker_v1.list"
arm-none-eabi-objcopy  -O binary  gps_tracker_v1.elf  "gps_tracker_v1.bin"
arm-none-eabi-size   gps_tracker_v1.elf 
   text	   data	    bss	    dec	    hex	filename
  12372	     20	   2020	  14412	   384c	gps_tracker_v1.elf
Finished building: default.size.stdout
 
Finished building: gps_tracker_v1.bin
 
Finished building: gps_tracker_v1.list
 
22:34:23 **** Incremental Build of configuration Debug for project gps_tracker_v1 ****
make -j12 all 
arm-none-eabi-gcc "../Core/Src/main.c" -mcpu=cortex-m0 -std=gnu11 -g3 -DDEBUG -DUSE_HAL_DRIVER -DSTM32F030x8 -c -I../Core/Inc -I../Drivers/STM32F0xx_HAL_Driver/Inc -I../Drivers/STM32F0xx_HAL_Driver/Inc/Legacy -I../Drivers/CMSIS/Device/ST/STM32F0xx/Include -I../Drivers/CMSIS/Include -O0 -ffunction-sections -fdata-sections -Wall -fstack-usage -MMD -MP -MF"Core/Src/main.d" -MT"Core/Src/main.o" --specs=nano.specs -mfloat-abi=soft -mthumb -o "Core/Src/main.o"
../Core/Src/main.c: In function 'main':
../Core/Src/main.c:119:32: warning: passing argument 2 of 'HAL_UART_Transmit' discards 'volatile' qualifier from pointer target type [-Wdiscarded-qualifiers]
  119 |    HAL_UART_Transmit (&huart2, fix_message, sizeof(fix_message), 50);
      |                                ^~~~~~~~~~~
In file included from ../Core/Inc/stm32f0xx_hal_conf.h:288,
                 from ../Drivers/STM32F0xx_HAL_Driver/Inc/stm32f0xx_hal.h:30,
                 from ../Core/Inc/main.h:31,
                 from ../Core/Src/main.c:21:
../Drivers/STM32F0xx_HAL_Driver/Inc/stm32f0xx_hal_uart.h:1491:73: note: expected 'uint8_t *' {aka 'unsigned char *'} but argument is of type 'volatile uint8_t *' {aka 'volatile unsigned char *'}
 1491 | HAL_StatusTypeDef HAL_UART_Transmit(UART_HandleTypeDef *huart, uint8_t *pData, uint16_t Size, uint32_t Timeout);
      |                                                                ~~~~~~~~~^~~~~
arm-none-eabi-gcc -o "gps_tracker_v1.elf" @"objects.list"   -mcpu=cortex-m0 -T"C:\Users\ricmr\Projects\gps_tracker_basic\firmware\gps_tracker_v1\STM32F030R8TX_FLASH.ld" --specs=nosys.specs -Wl,-Map="gps_tracker_v1.map" -Wl,--gc-sections -static --specs=nano.specs -mfloat-abi=soft -mthumb -Wl,--start-group -lc -lm -Wl,--end-group
Finished building target: gps_tracker_v1.elf
 
arm-none-eabi-objdump -h -S  gps_tracker_v1.elf  > "gps_tracker_v1.list"
arm-none-eabi-objcopy  -O binary  gps_tracker_v1.elf  "gps_tracker_v1.bin"
arm-none-eabi-size   gps_tracker_v1.elf 
   text	   data	    bss	    dec	    hex	filename
  12392	     32	   2016	  14440	   3868	gps_tracker_v1.elf
Finished building: default.size.stdout
 
Finished building: gps_tracker_v1.bin
 
Finished building: gps_tracker_v1.list
 
22:35:02 **** Incremental Build of configuration Debug for project gps_tracker_v1 ****
make -j12 all 
arm-none-eabi-gcc "../Core/Src/main.c" -mcpu=cortex-m0 -std=gnu11 -g3 -DDEBUG -DUSE_HAL_DRIVER -DSTM32F030x8 -c -I../Core/Inc -I../Drivers/STM32F0xx_HAL_Driver/Inc -I../Drivers/STM32F0xx_HAL_Driver/Inc/Legacy -I../Drivers/CMSIS/Device/ST/STM32F0xx/Include -I../Drivers/CMSIS/Include -O0 -ffunction-sections -fdata-sections -Wall -fstack-usage -MMD -MP -MF"Core/Src/main.d" -MT"Core/Src/main.o" --specs=nano.specs -mfloat-abi=soft -mthumb -o "Core/Src/main.o"
arm-none-eabi-gcc -o "gps_tracker_v1.elf" @"objects.list"   -mcpu=cortex-m0 -T"C:\Users\ricmr\Projects\gps_tracker_basic\firmware\gps_tracker_v1\STM32F030R8TX_FLASH.ld" --specs=nosys.specs -Wl,-Map="gps_tracker_v1.map" -Wl,--gc-sections -static --specs=nano.specs -mfloat-abi=soft -mthumb -Wl,--start-group -lc -lm -Wl,--end-group
Finished building target: gps_tracker_v1.elf
 
arm-none-eabi-objdump -h -S  gps_tracker_v1.elf  > "gps_tracker_v1.list"
arm-none-eabi-objcopy  -O binary  gps_tracker_v1.elf  "gps_tracker_v1.bin"
arm-none-eabi-size   gps_tracker_v1.elf 
   text	   data	    bss	    dec	    hex	filename
  12392	     32	   2016	  14440	   3868	gps_tracker_v1.elf
Finished building: default.size.stdout
 
Finished building: gps_tracker_v1.bin
 
Finished building: gps_tracker_v1.list
 
22:35:58 **** Incremental Build of configuration Debug for project gps_tracker_v1 ****
make -j12 all 
arm-none-eabi-gcc "../Core/Src/main.c" -mcpu=cortex-m0 -std=gnu11 -g3 -DDEBUG -DUSE_HAL_DRIVER -DSTM32F030x8 -c -I../Core/Inc -I../Drivers/STM32F0xx_HAL_Driver/Inc -I../Drivers/STM32F0xx_HAL_Driver/Inc/Legacy -I../Drivers/CMSIS/Device/ST/STM32F0xx/Include -I../Drivers/CMSIS/Include -O0 -ffunction-sections -fdata-sections -Wall -fstack-usage -MMD -MP -MF"Core/Src/main.d" -MT"Core/Src/main.o" --specs=nano.specs -mfloat-abi=soft -mthumb -o "Core/Src/main.o"
arm-none-eabi-gcc -o "gps_tracker_v1.elf" @"objects.list"   -mcpu=cortex-m0 -T"C:\Users\ricmr\Projects\gps_tracker_basic\firmware\gps_tracker_v1\STM32F030R8TX_FLASH.ld" --specs=nosys.specs -Wl,-Map="gps_tracker_v1.map" -Wl,--gc-sections -static --specs=nano.specs -mfloat-abi=soft -mthumb -Wl,--start-group -lc -lm -Wl,--end-group
Finished building target: gps_tracker_v1.elf
 
arm-none-eabi-objdump -h -S  gps_tracker_v1.elf  > "gps_tracker_v1.list"
arm-none-eabi-objcopy  -O binary  gps_tracker_v1.elf  "gps_tracker_v1.bin"
arm-none-eabi-size   gps_tracker_v1.elf 
   text	   data	    bss	    dec	    hex	filename
  12400	     32	   2016	  14448	   3870	gps_tracker_v1.elf
Finished building: default.size.stdout
 
Finished building: gps_tracker_v1.bin
 
Finished building: gps_tracker_v1.list
 
22:36:54 **** Incremental Build of configuration Debug for project gps_tracker_v1 ****
make -j12 all 
arm-none-eabi-gcc "../Core/Src/main.c" -mcpu=cortex-m0 -std=gnu11 -g3 -DDEBUG -DUSE_HAL_DRIVER -DSTM32F030x8 -c -I../Core/Inc -I../Drivers/STM32F0xx_HAL_Driver/Inc -I../Drivers/STM32F0xx_HAL_Driver/Inc/Legacy -I../Drivers/CMSIS/Device/ST/STM32F0xx/Include -I../Drivers/CMSIS/Include -O0 -ffunction-sections -fdata-sections -Wall -fstack-usage -MMD -MP -MF"Core/Src/main.d" -MT"Core/Src/main.o" --specs=nano.specs -mfloat-abi=soft -mthumb -o "Core/Src/main.o"
arm-none-eabi-gcc -o "gps_tracker_v1.elf" @"objects.list"   -mcpu=cortex-m0 -T"C:\Users\ricmr\Projects\gps_tracker_basic\firmware\gps_tracker_v1\STM32F030R8TX_FLASH.ld" --specs=nosys.specs -Wl,-Map="gps_tracker_v1.map" -Wl,--gc-sections -static --specs=nano.specs -mfloat-abi=soft -mthumb -Wl,--start-group -lc -lm -Wl,--end-group
Finished building target: gps_tracker_v1.elf
 
arm-none-eabi-objdump -h -S  gps_tracker_v1.elf  > "gps_tracker_v1.list"
arm-none-eabi-objcopy  -O binary  gps_tracker_v1.elf  "gps_tracker_v1.bin"
arm-none-eabi-size   gps_tracker_v1.elf 
   text	   data	    bss	    dec	    hex	filename
  11460	     32	   2016	  13508	   34c4	gps_tracker_v1.elf
Finished building: default.size.stdout
 
Finished building: gps_tracker_v1.bin
 
Finished building: gps_tracker_v1.list
 
22:37:53 **** Incremental Build of configuration Debug for project gps_tracker_v1 ****
make -j12 all 
arm-none-eabi-gcc "../Core/Src/main.c" -mcpu=cortex-m0 -std=gnu11 -g3 -DDEBUG -DUSE_HAL_DRIVER -DSTM32F030x8 -c -I../Core/Inc -I../Drivers/STM32F0xx_HAL_Driver/Inc -I../Drivers/STM32F0xx_HAL_Driver/Inc/Legacy -I../Drivers/CMSIS/Device/ST/STM32F0xx/Include -I../Drivers/CMSIS/Include -O0 -ffunction-sections -fdata-sections -Wall -fstack-usage -MMD -MP -MF"Core/Src/main.d" -MT"Core/Src/main.o" --specs=nano.specs -mfloat-abi=soft -mthumb -o "Core/Src/main.o"
arm-none-eabi-gcc -o "gps_tracker_v1.elf" @"objects.list"   -mcpu=cortex-m0 -T"C:\Users\ricmr\Projects\gps_tracker_basic\firmware\gps_tracker_v1\STM32F030R8TX_FLASH.ld" --specs=nosys.specs -Wl,-Map="gps_tracker_v1.map" -Wl,--gc-sections -static --specs=nano.specs -mfloat-abi=soft -mthumb -Wl,--start-group -lc -lm -Wl,--end-group
Finished building target: gps_tracker_v1.elf
 
arm-none-eabi-objdump -h -S  gps_tracker_v1.elf  > "gps_tracker_v1.list"
arm-none-eabi-objcopy  -O binary  gps_tracker_v1.elf  "gps_tracker_v1.bin"
arm-none-eabi-size   gps_tracker_v1.elf 
   text	   data	    bss	    dec	    hex	filename
  11460	     32	   2016	  13508	   34c4	gps_tracker_v1.elf
Finished building: default.size.stdout
 
Finished building: gps_tracker_v1.bin
 
Finished building: gps_tracker_v1.list
 
22:39:57 **** Incremental Build of configuration Debug for project gps_tracker_v1 ****
make -j12 all 
arm-none-eabi-gcc "../Core/Src/main.c" -mcpu=cortex-m0 -std=gnu11 -g3 -DDEBUG -DUSE_HAL_DRIVER -DSTM32F030x8 -c -I../Core/Inc -I../Drivers/STM32F0xx_HAL_Driver/Inc -I../Drivers/STM32F0xx_HAL_Driver/Inc/Legacy -I../Drivers/CMSIS/Device/ST/STM32F0xx/Include -I../Drivers/CMSIS/Include -O0 -ffunction-sections -fdata-sections -Wall -fstack-usage -MMD -MP -MF"Core/Src/main.d" -MT"Core/Src/main.o" --specs=nano.specs -mfloat-abi=soft -mthumb -o "Core/Src/main.o"
arm-none-eabi-gcc -o "gps_tracker_v1.elf" @"objects.list"   -mcpu=cortex-m0 -T"C:\Users\ricmr\Projects\gps_tracker_basic\firmware\gps_tracker_v1\STM32F030R8TX_FLASH.ld" --specs=nosys.specs -Wl,-Map="gps_tracker_v1.map" -Wl,--gc-sections -static --specs=nano.specs -mfloat-abi=soft -mthumb -Wl,--start-group -lc -lm -Wl,--end-group
Finished building target: gps_tracker_v1.elf
 
arm-none-eabi-objdump -h -S  gps_tracker_v1.elf  > "gps_tracker_v1.list"
arm-none-eabi-objcopy  -O binary  gps_tracker_v1.elf  "gps_tracker_v1.bin"
arm-none-eabi-size   gps_tracker_v1.elf 
   text	   data	    bss	    dec	    hex	filename
  11460	     48	   2016	  13524	   34d4	gps_tracker_v1.elf
Finished building: default.size.stdout
 
Finished building: gps_tracker_v1.bin
 
Finished building: gps_tracker_v1.list
 
22:40:41 **** Incremental Build of configuration Debug for project gps_tracker_v1 ****
make -j12 all 
arm-none-eabi-size   gps_tracker_v1.elf 
   text	   data	    bss	    dec	    hex	filename
  11460	     48	   2016	  13524	   34d4	gps_tracker_v1.elf
Finished building: default.size.stdout
 
22:42:47 **** Incremental Build of configuration Debug for project gps_tracker_v1 ****
make -j12 all 
arm-none-eabi-gcc "../Core/Src/main.c" -mcpu=cortex-m0 -std=gnu11 -g3 -DDEBUG -DUSE_HAL_DRIVER -DSTM32F030x8 -c -I../Core/Inc -I../Drivers/STM32F0xx_HAL_Driver/Inc -I../Drivers/STM32F0xx_HAL_Driver/Inc/Legacy -I../Drivers/CMSIS/Device/ST/STM32F0xx/Include -I../Drivers/CMSIS/Include -O0 -ffunction-sections -fdata-sections -Wall -fstack-usage -MMD -MP -MF"Core/Src/main.d" -MT"Core/Src/main.o" --specs=nano.specs -mfloat-abi=soft -mthumb -o "Core/Src/main.o"
arm-none-eabi-gcc -o "gps_tracker_v1.elf" @"objects.list"   -mcpu=cortex-m0 -T"C:\Users\ricmr\Projects\gps_tracker_basic\firmware\gps_tracker_v1\STM32F030R8TX_FLASH.ld" --specs=nosys.specs -Wl,-Map="gps_tracker_v1.map" -Wl,--gc-sections -static --specs=nano.specs -mfloat-abi=soft -mthumb -Wl,--start-group -lc -lm -Wl,--end-group
Finished building target: gps_tracker_v1.elf
 
arm-none-eabi-objdump -h -S  gps_tracker_v1.elf  > "gps_tracker_v1.list"
arm-none-eabi-objcopy  -O binary  gps_tracker_v1.elf  "gps_tracker_v1.bin"
arm-none-eabi-size   gps_tracker_v1.elf 
   text	   data	    bss	    dec	    hex	filename
  11456	     52	   2012	  13520	   34d0	gps_tracker_v1.elf
Finished building: default.size.stdout
 
Finished building: gps_tracker_v1.bin
 
Finished building: gps_tracker_v1.list
 
22:43:20 **** Incremental Build of configuration Debug for project gps_tracker_v1 ****
make -j12 all 
arm-none-eabi-gcc "../Core/Src/main.c" -mcpu=cortex-m0 -std=gnu11 -g3 -DDEBUG -DUSE_HAL_DRIVER -DSTM32F030x8 -c -I../Core/Inc -I../Drivers/STM32F0xx_HAL_Driver/Inc -I../Drivers/STM32F0xx_HAL_Driver/Inc/Legacy -I../Drivers/CMSIS/Device/ST/STM32F0xx/Include -I../Drivers/CMSIS/Include -O0 -ffunction-sections -fdata-sections -Wall -fstack-usage -MMD -MP -MF"Core/Src/main.d" -MT"Core/Src/main.o" --specs=nano.specs -mfloat-abi=soft -mthumb -o "Core/Src/main.o"
arm-none-eabi-gcc -o "gps_tracker_v1.elf" @"objects.list"   -mcpu=cortex-m0 -T"C:\Users\ricmr\Projects\gps_tracker_basic\firmware\gps_tracker_v1\STM32F030R8TX_FLASH.ld" --specs=nosys.specs -Wl,-Map="gps_tracker_v1.map" -Wl,--gc-sections -static --specs=nano.specs -mfloat-abi=soft -mthumb -Wl,--start-group -lc -lm -Wl,--end-group
Finished building target: gps_tracker_v1.elf
 
arm-none-eabi-objdump -h -S  gps_tracker_v1.elf  > "gps_tracker_v1.list"
arm-none-eabi-objcopy  -O binary  gps_tracker_v1.elf  "gps_tracker_v1.bin"
arm-none-eabi-size   gps_tracker_v1.elf 
   text	   data	    bss	    dec	    hex	filename
  12396	     52	   2020	  14468	   3884	gps_tracker_v1.elf
Finished building: default.size.stdout
 
Finished building: gps_tracker_v1.bin
 
Finished building: gps_tracker_v1.list
 
22:44:05 **** Incremental Build of configuration Debug for project gps_tracker_v1 ****
make -j12 all 
arm-none-eabi-gcc "../Core/Src/stm32f0xx_it.c" -mcpu=cortex-m0 -std=gnu11 -g3 -DDEBUG -DUSE_HAL_DRIVER -DSTM32F030x8 -c -I../Core/Inc -I../Drivers/STM32F0xx_HAL_Driver/Inc -I../Drivers/STM32F0xx_HAL_Driver/Inc/Legacy -I../Drivers/CMSIS/Device/ST/STM32F0xx/Include -I../Drivers/CMSIS/Include -O0 -ffunction-sections -fdata-sections -Wall -fstack-usage -MMD -MP -MF"Core/Src/stm32f0xx_it.d" -MT"Core/Src/stm32f0xx_it.o" --specs=nano.specs -mfloat-abi=soft -mthumb -o "Core/Src/stm32f0xx_it.o"
arm-none-eabi-gcc -o "gps_tracker_v1.elf" @"objects.list"   -mcpu=cortex-m0 -T"C:\Users\ricmr\Projects\gps_tracker_basic\firmware\gps_tracker_v1\STM32F030R8TX_FLASH.ld" --specs=nosys.specs -Wl,-Map="gps_tracker_v1.map" -Wl,--gc-sections -static --specs=nano.specs -mfloat-abi=soft -mthumb -Wl,--start-group -lc -lm -Wl,--end-group
Finished building target: gps_tracker_v1.elf
 
arm-none-eabi-objdump -h -S  gps_tracker_v1.elf  > "gps_tracker_v1.list"
arm-none-eabi-objcopy  -O binary  gps_tracker_v1.elf  "gps_tracker_v1.bin"
arm-none-eabi-size   gps_tracker_v1.elf 
   text	   data	    bss	    dec	    hex	filename
  12396	     52	   2020	  14468	   3884	gps_tracker_v1.elf
Finished building: default.size.stdout
 
Finished building: gps_tracker_v1.bin
 
Finished building: gps_tracker_v1.list
 
22:47:17 **** Incremental Build of configuration Debug for project gps_tracker_v1 ****
make -j12 all 
arm-none-eabi-gcc "../Core/Src/main.c" -mcpu=cortex-m0 -std=gnu11 -g3 -DDEBUG -DUSE_HAL_DRIVER -DSTM32F030x8 -c -I../Core/Inc -I../Drivers/STM32F0xx_HAL_Driver/Inc -I../Drivers/STM32F0xx_HAL_Driver/Inc/Legacy -I../Drivers/CMSIS/Device/ST/STM32F0xx/Include -I../Drivers/CMSIS/Include -O0 -ffunction-sections -fdata-sections -Wall -fstack-usage -MMD -MP -MF"Core/Src/main.d" -MT"Core/Src/main.o" --specs=nano.specs -mfloat-abi=soft -mthumb -o "Core/Src/main.o"
arm-none-eabi-gcc -o "gps_tracker_v1.elf" @"objects.list"   -mcpu=cortex-m0 -T"C:\Users\ricmr\Projects\gps_tracker_basic\firmware\gps_tracker_v1\STM32F030R8TX_FLASH.ld" --specs=nosys.specs -Wl,-Map="gps_tracker_v1.map" -Wl,--gc-sections -static --specs=nano.specs -mfloat-abi=soft -mthumb -Wl,--start-group -lc -lm -Wl,--end-group
Finished building target: gps_tracker_v1.elf
 
arm-none-eabi-objdump -h -S  gps_tracker_v1.elf  > "gps_tracker_v1.list"
arm-none-eabi-objcopy  -O binary  gps_tracker_v1.elf  "gps_tracker_v1.bin"
arm-none-eabi-size   gps_tracker_v1.elf 
   text	   data	    bss	    dec	    hex	filename
  12396	     56	   2016	  14468	   3884	gps_tracker_v1.elf
Finished building: default.size.stdout
 
Finished building: gps_tracker_v1.bin
 
Finished building: gps_tracker_v1.list
 
22:50:00 **** Incremental Build of configuration Debug for project gps_tracker_v1 ****
make -j12 all 
arm-none-eabi-gcc "../Core/Src/stm32f0xx_it.c" -mcpu=cortex-m0 -std=gnu11 -g3 -DDEBUG -DUSE_HAL_DRIVER -DSTM32F030x8 -c -I../Core/Inc -I../Drivers/STM32F0xx_HAL_Driver/Inc -I../Drivers/STM32F0xx_HAL_Driver/Inc/Legacy -I../Drivers/CMSIS/Device/ST/STM32F0xx/Include -I../Drivers/CMSIS/Include -O0 -ffunction-sections -fdata-sections -Wall -fstack-usage -MMD -MP -MF"Core/Src/stm32f0xx_it.d" -MT"Core/Src/stm32f0xx_it.o" --specs=nano.specs -mfloat-abi=soft -mthumb -o "Core/Src/stm32f0xx_it.o"
arm-none-eabi-gcc -o "gps_tracker_v1.elf" @"objects.list"   -mcpu=cortex-m0 -T"C:\Users\ricmr\Projects\gps_tracker_basic\firmware\gps_tracker_v1\STM32F030R8TX_FLASH.ld" --specs=nosys.specs -Wl,-Map="gps_tracker_v1.map" -Wl,--gc-sections -static --specs=nano.specs -mfloat-abi=soft -mthumb -Wl,--start-group -lc -lm -Wl,--end-group
Finished building target: gps_tracker_v1.elf
 
arm-none-eabi-objdump -h -S  gps_tracker_v1.elf  > "gps_tracker_v1.list"
arm-none-eabi-objcopy  -O binary  gps_tracker_v1.elf  "gps_tracker_v1.bin"
arm-none-eabi-size   gps_tracker_v1.elf 
   text	   data	    bss	    dec	    hex	filename
  12396	     56	   2016	  14468	   3884	gps_tracker_v1.elf
Finished building: default.size.stdout
 
Finished building: gps_tracker_v1.bin
 
Finished building: gps_tracker_v1.list
 
23:07:46 **** Incremental Build of configuration Debug for project gps_tracker_v1 ****
make -j12 all 
arm-none-eabi-gcc "../Core/Src/stm32f0xx_it.c" -mcpu=cortex-m0 -std=gnu11 -g3 -DDEBUG -DUSE_HAL_DRIVER -DSTM32F030x8 -c -I../Core/Inc -I../Drivers/STM32F0xx_HAL_Driver/Inc -I../Drivers/STM32F0xx_HAL_Driver/Inc/Legacy -I../Drivers/CMSIS/Device/ST/STM32F0xx/Include -I../Drivers/CMSIS/Include -O0 -ffunction-sections -fdata-sections -Wall -fstack-usage -MMD -MP -MF"Core/Src/stm32f0xx_it.d" -MT"Core/Src/stm32f0xx_it.o" --specs=nano.specs -mfloat-abi=soft -mthumb -o "Core/Src/stm32f0xx_it.o"
arm-none-eabi-gcc -o "gps_tracker_v1.elf" @"objects.list"   -mcpu=cortex-m0 -T"C:\Users\ricmr\Projects\gps_tracker_basic\firmware\gps_tracker_v1\STM32F030R8TX_FLASH.ld" --specs=nosys.specs -Wl,-Map="gps_tracker_v1.map" -Wl,--gc-sections -static --specs=nano.specs -mfloat-abi=soft -mthumb -Wl,--start-group -lc -lm -Wl,--end-group
Finished building target: gps_tracker_v1.elf
 
arm-none-eabi-objdump -h -S  gps_tracker_v1.elf  > "gps_tracker_v1.list"
arm-none-eabi-objcopy  -O binary  gps_tracker_v1.elf  "gps_tracker_v1.bin"
arm-none-eabi-size   gps_tracker_v1.elf 
   text	   data	    bss	    dec	    hex	filename
  12396	     56	   2016	  14468	   3884	gps_tracker_v1.elf
Finished building: default.size.stdout
 
Finished building: gps_tracker_v1.bin
 
Finished building: gps_tracker_v1.list
 
23:08:10 **** Incremental Build of configuration Debug for project gps_tracker_v1 ****
make -j12 all 
arm-none-eabi-gcc "../Core/Src/main.c" -mcpu=cortex-m0 -std=gnu11 -g3 -DDEBUG -DUSE_HAL_DRIVER -DSTM32F030x8 -c -I../Core/Inc -I../Drivers/STM32F0xx_HAL_Driver/Inc -I../Drivers/STM32F0xx_HAL_Driver/Inc/Legacy -I../Drivers/CMSIS/Device/ST/STM32F0xx/Include -I../Drivers/CMSIS/Include -O0 -ffunction-sections -fdata-sections -Wall -fstack-usage -MMD -MP -MF"Core/Src/main.d" -MT"Core/Src/main.o" --specs=nano.specs -mfloat-abi=soft -mthumb -o "Core/Src/main.o"
arm-none-eabi-gcc "../Core/Src/stm32f0xx_hal_msp.c" -mcpu=cortex-m0 -std=gnu11 -g3 -DDEBUG -DUSE_HAL_DRIVER -DSTM32F030x8 -c -I../Core/Inc -I../Drivers/STM32F0xx_HAL_Driver/Inc -I../Drivers/STM32F0xx_HAL_Driver/Inc/Legacy -I../Drivers/CMSIS/Device/ST/STM32F0xx/Include -I../Drivers/CMSIS/Include -O0 -ffunction-sections -fdata-sections -Wall -fstack-usage -MMD -MP -MF"Core/Src/stm32f0xx_hal_msp.d" -MT"Core/Src/stm32f0xx_hal_msp.o" --specs=nano.specs -mfloat-abi=soft -mthumb -o "Core/Src/stm32f0xx_hal_msp.o"
arm-none-eabi-gcc "../Core/Src/stm32f0xx_it.c" -mcpu=cortex-m0 -std=gnu11 -g3 -DDEBUG -DUSE_HAL_DRIVER -DSTM32F030x8 -c -I../Core/Inc -I../Drivers/STM32F0xx_HAL_Driver/Inc -I../Drivers/STM32F0xx_HAL_Driver/Inc/Legacy -I../Drivers/CMSIS/Device/ST/STM32F0xx/Include -I../Drivers/CMSIS/Include -O0 -ffunction-sections -fdata-sections -Wall -fstack-usage -MMD -MP -MF"Core/Src/stm32f0xx_it.d" -MT"Core/Src/stm32f0xx_it.o" --specs=nano.specs -mfloat-abi=soft -mthumb -o "Core/Src/stm32f0xx_it.o"
arm-none-eabi-gcc -o "gps_tracker_v1.elf" @"objects.list"   -mcpu=cortex-m0 -T"C:\Users\ricmr\Projects\gps_tracker_basic\firmware\gps_tracker_v1\STM32F030R8TX_FLASH.ld" --specs=nosys.specs -Wl,-Map="gps_tracker_v1.map" -Wl,--gc-sections -static --specs=nano.specs -mfloat-abi=soft -mthumb -Wl,--start-group -lc -lm -Wl,--end-group
Finished building target: gps_tracker_v1.elf
 
arm-none-eabi-objdump -h -S  gps_tracker_v1.elf  > "gps_tracker_v1.list"
arm-none-eabi-objcopy  -O binary  gps_tracker_v1.elf  "gps_tracker_v1.bin"
arm-none-eabi-size   gps_tracker_v1.elf 
   text	   data	    bss	    dec	    hex	filename
  12404	     56	   2272	  14732	   398c	gps_tracker_v1.elf
Finished building: default.size.stdout
 
Finished building: gps_tracker_v1.bin
 
Finished building: gps_tracker_v1.list
 
23:10:53 **** Incremental Build of configuration Debug for project gps_tracker_v1 ****
make -j12 all 
arm-none-eabi-gcc "../Core/Src/main.c" -mcpu=cortex-m0 -std=gnu11 -g3 -DDEBUG -DUSE_HAL_DRIVER -DSTM32F030x8 -c -I../Core/Inc -I../Drivers/STM32F0xx_HAL_Driver/Inc -I../Drivers/STM32F0xx_HAL_Driver/Inc/Legacy -I../Drivers/CMSIS/Device/ST/STM32F0xx/Include -I../Drivers/CMSIS/Include -O0 -ffunction-sections -fdata-sections -Wall -fstack-usage -MMD -MP -MF"Core/Src/main.d" -MT"Core/Src/main.o" --specs=nano.specs -mfloat-abi=soft -mthumb -o "Core/Src/main.o"
arm-none-eabi-gcc -o "gps_tracker_v1.elf" @"objects.list"   -mcpu=cortex-m0 -T"C:\Users\ricmr\Projects\gps_tracker_basic\firmware\gps_tracker_v1\STM32F030R8TX_FLASH.ld" --specs=nosys.specs -Wl,-Map="gps_tracker_v1.map" -Wl,--gc-sections -static --specs=nano.specs -mfloat-abi=soft -mthumb -Wl,--start-group -lc -lm -Wl,--end-group
Finished building target: gps_tracker_v1.elf
 
arm-none-eabi-objdump -h -S  gps_tracker_v1.elf  > "gps_tracker_v1.list"
arm-none-eabi-objcopy  -O binary  gps_tracker_v1.elf  "gps_tracker_v1.bin"
arm-none-eabi-size   gps_tracker_v1.elf 
   text	   data	    bss	    dec	    hex	filename
  12420	     68	   2268	  14756	   39a4	gps_tracker_v1.elf
Finished building: default.size.stdout
 
Finished building: gps_tracker_v1.bin
 
Finished building: gps_tracker_v1.list
 
23:12:35 **** Incremental Build of configuration Debug for project gps_tracker_v1 ****
make -j12 all 
arm-none-eabi-gcc "../Core/Src/main.c" -mcpu=cortex-m0 -std=gnu11 -g3 -DDEBUG -DUSE_HAL_DRIVER -DSTM32F030x8 -c -I../Core/Inc -I../Drivers/STM32F0xx_HAL_Driver/Inc -I../Drivers/STM32F0xx_HAL_Driver/Inc/Legacy -I../Drivers/CMSIS/Device/ST/STM32F0xx/Include -I../Drivers/CMSIS/Include -O0 -ffunction-sections -fdata-sections -Wall -fstack-usage -MMD -MP -MF"Core/Src/main.d" -MT"Core/Src/main.o" --specs=nano.specs -mfloat-abi=soft -mthumb -o "Core/Src/main.o"
arm-none-eabi-gcc "../Core/Src/stm32f0xx_hal_msp.c" -mcpu=cortex-m0 -std=gnu11 -g3 -DDEBUG -DUSE_HAL_DRIVER -DSTM32F030x8 -c -I../Core/Inc -I../Drivers/STM32F0xx_HAL_Driver/Inc -I../Drivers/STM32F0xx_HAL_Driver/Inc/Legacy -I../Drivers/CMSIS/Device/ST/STM32F0xx/Include -I../Drivers/CMSIS/Include -O0 -ffunction-sections -fdata-sections -Wall -fstack-usage -MMD -MP -MF"Core/Src/stm32f0xx_hal_msp.d" -MT"Core/Src/stm32f0xx_hal_msp.o" --specs=nano.specs -mfloat-abi=soft -mthumb -o "Core/Src/stm32f0xx_hal_msp.o"
arm-none-eabi-gcc "../Core/Src/stm32f0xx_it.c" -mcpu=cortex-m0 -std=gnu11 -g3 -DDEBUG -DUSE_HAL_DRIVER -DSTM32F030x8 -c -I../Core/Inc -I../Drivers/STM32F0xx_HAL_Driver/Inc -I../Drivers/STM32F0xx_HAL_Driver/Inc/Legacy -I../Drivers/CMSIS/Device/ST/STM32F0xx/Include -I../Drivers/CMSIS/Include -O0 -ffunction-sections -fdata-sections -Wall -fstack-usage -MMD -MP -MF"Core/Src/stm32f0xx_it.d" -MT"Core/Src/stm32f0xx_it.o" --specs=nano.specs -mfloat-abi=soft -mthumb -o "Core/Src/stm32f0xx_it.o"
arm-none-eabi-gcc -o "gps_tracker_v1.elf" @"objects.list"   -mcpu=cortex-m0 -T"C:\Users\ricmr\Projects\gps_tracker_basic\firmware\gps_tracker_v1\STM32F030R8TX_FLASH.ld" --specs=nosys.specs -Wl,-Map="gps_tracker_v1.map" -Wl,--gc-sections -static --specs=nano.specs -mfloat-abi=soft -mthumb -Wl,--start-group -lc -lm -Wl,--end-group
Finished building target: gps_tracker_v1.elf
 
arm-none-eabi-objdump -h -S  gps_tracker_v1.elf  > "gps_tracker_v1.list"
arm-none-eabi-objcopy  -O binary  gps_tracker_v1.elf  "gps_tracker_v1.bin"
arm-none-eabi-size   gps_tracker_v1.elf 
   text	   data	    bss	    dec	    hex	filename
  12420	     68	   2524	  15012	   3aa4	gps_tracker_v1.elf
Finished building: default.size.stdout
 
Finished building: gps_tracker_v1.bin
 
Finished building: gps_tracker_v1.list
 
23:15:57 **** Incremental Build of configuration Debug for project gps_tracker_v1 ****
make -j12 all 
arm-none-eabi-gcc "../Core/Src/main.c" -mcpu=cortex-m0 -std=gnu11 -g3 -DDEBUG -DUSE_HAL_DRIVER -DSTM32F030x8 -c -I../Core/Inc -I../Drivers/STM32F0xx_HAL_Driver/Inc -I../Drivers/STM32F0xx_HAL_Driver/Inc/Legacy -I../Drivers/CMSIS/Device/ST/STM32F0xx/Include -I../Drivers/CMSIS/Include -O0 -ffunction-sections -fdata-sections -Wall -fstack-usage -MMD -MP -MF"Core/Src/main.d" -MT"Core/Src/main.o" --specs=nano.specs -mfloat-abi=soft -mthumb -o "Core/Src/main.o"
arm-none-eabi-gcc "../Core/Src/stm32f0xx_hal_msp.c" -mcpu=cortex-m0 -std=gnu11 -g3 -DDEBUG -DUSE_HAL_DRIVER -DSTM32F030x8 -c -I../Core/Inc -I../Drivers/STM32F0xx_HAL_Driver/Inc -I../Drivers/STM32F0xx_HAL_Driver/Inc/Legacy -I../Drivers/CMSIS/Device/ST/STM32F0xx/Include -I../Drivers/CMSIS/Include -O0 -ffunction-sections -fdata-sections -Wall -fstack-usage -MMD -MP -MF"Core/Src/stm32f0xx_hal_msp.d" -MT"Core/Src/stm32f0xx_hal_msp.o" --specs=nano.specs -mfloat-abi=soft -mthumb -o "Core/Src/stm32f0xx_hal_msp.o"
arm-none-eabi-gcc "../Core/Src/stm32f0xx_it.c" -mcpu=cortex-m0 -std=gnu11 -g3 -DDEBUG -DUSE_HAL_DRIVER -DSTM32F030x8 -c -I../Core/Inc -I../Drivers/STM32F0xx_HAL_Driver/Inc -I../Drivers/STM32F0xx_HAL_Driver/Inc/Legacy -I../Drivers/CMSIS/Device/ST/STM32F0xx/Include -I../Drivers/CMSIS/Include -O0 -ffunction-sections -fdata-sections -Wall -fstack-usage -MMD -MP -MF"Core/Src/stm32f0xx_it.d" -MT"Core/Src/stm32f0xx_it.o" --specs=nano.specs -mfloat-abi=soft -mthumb -o "Core/Src/stm32f0xx_it.o"
arm-none-eabi-gcc -o "gps_tracker_v1.elf" @"objects.list"   -mcpu=cortex-m0 -T"C:\Users\ricmr\Projects\gps_tracker_basic\firmware\gps_tracker_v1\STM32F030R8TX_FLASH.ld" --specs=nosys.specs -Wl,-Map="gps_tracker_v1.map" -Wl,--gc-sections -static --specs=nano.specs -mfloat-abi=soft -mthumb -Wl,--start-group -lc -lm -Wl,--end-group
Finished building target: gps_tracker_v1.elf
 
arm-none-eabi-objdump -h -S  gps_tracker_v1.elf  > "gps_tracker_v1.list"
arm-none-eabi-objcopy  -O binary  gps_tracker_v1.elf  "gps_tracker_v1.bin"
arm-none-eabi-size   gps_tracker_v1.elf 
   text	   data	    bss	    dec	    hex	filename
  12464	     88	   2272	  14824	   39e8	gps_tracker_v1.elf
Finished building: default.size.stdout
 
Finished building: gps_tracker_v1.bin
 
Finished building: gps_tracker_v1.list
 
